// Jest Snapshot v1, https://goo.gl/fbAQLP

exports[`<LocaleToggle /> should match the snapshot 1`] = `
<div
  class="components__Wrapper-sc-8efs89-0 iFEOpV"
>
  <ul
    class="components__LanguageList-sc-8efs89-1 kOkdRt"
  >
    <li
      class="components__LanguageItem-sc-8efs89-2 iZcJuQ"
    >
      <button
        class="components__LanguageButton-sc-8efs89-3 jjJqum"
        type="button"
      >
        <span>
          In English
        </span>
      </button>
    </li>
    <li
      class="components__LanguageItem-sc-8efs89-2 iZcJuQ"
    >
      <button
        class="components__LanguageButton-sc-8efs89-3 jjJqum"
        type="button"
      >
        <span>
          PÃ¥ svenska
        </span>
      </button>
    </li>
  </ul>
</div>
`;
