// Jest Snapshot v1, https://goo.gl/fbAQLP

exports[`<Footer /> should render and match the snapshot 1`] = `
<footer
  className="Wrapper-wcfdfo-0 dPvBog"
>
  <section>
    <span>
      This project is licensed under the MIT license.
    </span>
  </section>
  <section>
    <div
      className="components__Wrapper-sc-8efs89-0 iFEOpV"
    >
      <ul
        className="components__LanguageList-sc-8efs89-1 kOkdRt"
      >
        <li
          className="components__LanguageItem-sc-8efs89-2 iZcJuQ"
        >
          <button
            className="components__LanguageButton-sc-8efs89-3 jjJqum"
            onClick={[Function]}
            type="button"
          >
            <span>
              In English
            </span>
          </button>
        </li>
        <li
          className="components__LanguageItem-sc-8efs89-2 iZcJuQ"
        >
          <button
            className="components__LanguageButton-sc-8efs89-3 jjJqum"
            onClick={[Function]}
            type="button"
          >
            <span>
              PÃ¥ svenska
            </span>
          </button>
        </li>
      </ul>
    </div>
  </section>
  <section>
    <span>
      
      Made with love by 
      <a
        className="A-br8h0y-0 dwVNvo"
        href="https://twitter.com/mxstbr"
      >
        Max Stoiber
      </a>
      .
    
    </span>
  </section>
</footer>
`;
